#-----------------------------------------------------------
# Vivado v2022.1 (64-bit)
# SW Build 3526262 on Mon Apr 18 15:47:01 MDT 2022
# IP Build 3524634 on Mon Apr 18 20:55:01 MDT 2022
# Start of session at: Thu Feb 22 11:58:31 2024
# Process ID: 453599
# Current directory: /home/cris/Documents/0_Projects/MancusoCollab/devil-in-the-fpga/hardware/ip_repo/match_pattern_ip_DUT
# Command line: vivado match_pattern_ip.xpr
# Log file: /home/cris/Documents/0_Projects/MancusoCollab/devil-in-the-fpga/hardware/ip_repo/match_pattern_ip_DUT/vivado.log
# Journal file: /home/cris/Documents/0_Projects/MancusoCollab/devil-in-the-fpga/hardware/ip_repo/match_pattern_ip_DUT/vivado.jou
# Running On: cris, OS: Linux, CPU Frequency: 3648.928 MHz, CPU Physical cores: 4, Host memory: 33502 MB
#-----------------------------------------------------------
start_gui
open_project match_pattern_ip.xpr
update_compile_order -fileset sources_1
launch_simulation
launch_simulation
open_wave_config /home/cris/Documents/0_Projects/MancusoCollab/devil-in-the-fpga/hardware/ip_repo/match_pattern_ip_DUT/match_pattern_tb_behav.wcfg
source match_pattern_tb.tcl
run all
relaunch_sim
relaunch_sim
close_sim
launch_simulation
launch_simulation
open_wave_config /home/cris/Documents/0_Projects/MancusoCollab/devil-in-the-fpga/hardware/ip_repo/match_pattern_ip_DUT/match_pattern_tb_behav.wcfg
source match_pattern_tb.tcl
relaunch_sim
relaunch_sim
close_sim
launch_simulation
open_wave_config /home/cris/Documents/0_Projects/MancusoCollab/devil-in-the-fpga/hardware/ip_repo/match_pattern_ip_DUT/match_pattern_tb_behav.wcfg
source match_pattern_tb.tcl
relaunch_sim
close_sim
launch_simulation
open_wave_config /home/cris/Documents/0_Projects/MancusoCollab/devil-in-the-fpga/hardware/ip_repo/match_pattern_ip_DUT/match_pattern_tb_behav.wcfg
source match_pattern_tb.tcl
run all
close_sim
launch_simulation
open_wave_config /home/cris/Documents/0_Projects/MancusoCollab/devil-in-the-fpga/hardware/ip_repo/match_pattern_ip_DUT/match_pattern_tb_behav.wcfg
source match_pattern_tb.tcl
relaunch_sim
relaunch_sim
relaunch_sim
close_sim
launch_simulation
open_wave_config /home/cris/Documents/0_Projects/MancusoCollab/devil-in-the-fpga/hardware/ip_repo/match_pattern_ip_DUT/match_pattern_tb_behav.wcfg
source match_pattern_tb.tcl
relaunch_sim
relaunch_sim
relaunch_sim
relaunch_sim
relaunch_sim
relaunch_sim
relaunch_sim
relaunch_sim
close_sim
